<div class="header">
  <navbar></navbar>
</div>
<carousel></carousel>
<div class="container">
  <router-outlet></router-outlet>
</div>
<div class="footer"></div>