<h2 mat-dialog-title>{{ appName }}</h2>
<mat-dialog-content class="mat-typography">
    <form [formGroup]="credentials">
        <div class="row">
            <div class="col-12">
                <mat-form-field class="w-100">
                    <mat-label>Usuario</mat-label>
                    <input formControlName="email" matInput>
                </mat-form-field>
            </div>
            <div class="col-12">
                <mat-form-field class="w-100">
                    <mat-label>Contrase√±a</mat-label>
                    <input formControlName="pwd" matInput>
                </mat-form-field>
            </div>
        </div>
    </form>
</mat-dialog-content>
<mat-dialog-actions class="justify-content-end">
    <button mat-button mat-dialog-close>Cancelar</button>
    <button mat-button class="btn-success" (click)="loginBtn()">
        <i class="fas fa-paper-plane"></i> Enviar</button>
</mat-dialog-actions>