<!-- <div class="col justify-content-center mt-3">
    <mat-form-field class="w-100">
        <mat-label>Buscar</mat-label>
        <input matInput>
      </mat-form-field>
</div> -->