<div class="row">
    <div class="col-12 text-center my-2">
        <h2>Proyectos</h2>
    </div>
</div>