<p>home works!</p>
<button (click)="test()">tes permission</button>