<app-navbarmenu></app-navbarmenu>
<div class="container">
    <router-outlet></router-outlet>
</div>