{
  "$schema": "./node_modules/@angular/cli/lib/config/schema.json",
  "version": 1,
  "newProjectRoot": "projects",
  "projects": {
    "golden": {
      "projectType": "application",
      "schematics": {
        "@schematics/angular:component": {
          "style": "scss"
        }
      },
      "root": "",
      "sourceRoot": "src",
      "prefix": "app",
      "architect": {
        "build": {
          "builder": "@angular-devkit/build-angular:browser",
          "options": {
            "outputPath": "dist/golden",
            "index": "src/index.html",
            "main": "src/main.ts",
            "polyfills": "src/polyfills.ts",
            "tsConfig": "tsconfig.app.json",
            "aot": true,
            "assets": [
              "src/favicon.ico",
              "src/assets"
            ],
            "styles": [
              "node_modules/@angular/material/prebuilt-themes/indigo-pink.css",
              "projects/shared/src/lib/themes/style.scss",
              "node_modules/bootstrap/dist/css/bootstrap.css"
            ],
            "scripts": [
              "node_modules/jquery/dist/jquery.min.js",
              "node_modules/bootstrap/dist/js/bootstrap.js"
            ]
          },
          "configurations": {
            "production": {
              "fileReplacements": [
                {
                  "replace": "src/environments/environment.ts",
                  "with": "src/environments/environment.prod.ts"
                }
              ],
              "optimization": true,
              "outputHashing": "all",
              "sourceMap": false,
              "namedChunks": false,
              "extractLicenses": true,
              "vendorChunk": false,
              "buildOptimizer": true,
              "budgets": [
                {
                  "type": "initial",
                  "maximumWarning": "2mb",
                  "maximumError": "5mb"
                },
                {
                  "type": "anyComponentStyle",
                  "maximumWarning": "6kb",
                  "maximumError": "10kb"
                }
              ]
            }
          }
        },
        "serve": {
          "builder": "@angular-devkit/build-angular:dev-server",
          "options": {
            "browserTarget": "golden:build"
          },
          "configurations": {
            "production": {
              "browserTarget": "golden:build:production"
            }
          }
        },
        "extract-i18n": {
          "builder": "@angular-devkit/build-angular:extract-i18n",
          "options": {
            "browserTarget": "golden:build"
          }
        },
        "test": {
          "builder": "@angular-devkit/build-angular:karma",
          "options": {
            "main": "src/test.ts",
            "polyfills": "src/polyfills.ts",
            "tsConfig": "tsconfig.spec.json",
            "karmaConfig": "karma.conf.js",
            "assets": [
              "src/favicon.ico",
              "src/assets"
            ],
            "styles": [
              "./node_modules/@angular/material/prebuilt-themes/indigo-pink.css",
              "src/styles.scss"
            ],
            "scripts": []
          }
        },
        "lint": {
          "builder": "@angular-devkit/build-angular:tslint",
          "options": {
            "tsConfig": [
              "tsconfig.app.json",
              "tsconfig.spec.json",
              "e2e/tsconfig.json"
            ],
            "exclude": [
              "**/node_modules/**"
            ]
          }
        },
        "e2e": {
          "builder": "@angular-devkit/build-angular:protractor",
          "options": {
            "protractorConfig": "e2e/protractor.conf.js",
            "devServerTarget": "golden:serve"
          },
          "configurations": {
            "production": {
              "devServerTarget": "golden:serve:production"
            }
          }
        },
        "deploy": {
          "builder": "@angular/fire:deploy",
          "options": {}
        }
      }
    },
    "mini-cms": {
      "projectType": "application",
      "schematics": {
        "@schematics/angular:component": {
          "inlineStyle": true,
          "style": "scss",
          "skipTests": true
        },
        "@schematics/angular:class": {
          "skipTests": true
        },
        "@schematics/angular:directive": {
          "skipTests": true
        },
        "@schematics/angular:guard": {
          "skipTests": true
        },
        "@schematics/angular:interceptor": {
          "skipTests": true
        },
        "@schematics/angular:module": {
          "skipTests": true
        },
        "@schematics/angular:pipe": {
          "skipTests": true
        },
        "@schematics/angular:service": {
          "skipTests": true
        }
      },
      "root": "projects/mini-cms",
      "sourceRoot": "projects/mini-cms/src",
      "prefix": "app",
      "architect": {
        "build": {
          "builder": "@angular-devkit/build-angular:browser",
          "options": {
            "outputPath": "dist/mini-cms",
            "index": "projects/mini-cms/src/index.html",
            "main": "projects/mini-cms/src/main.ts",
            "polyfills": "projects/mini-cms/src/polyfills.ts",
            "tsConfig": "projects/mini-cms/tsconfig.app.json",
            "aot": true,
            "assets": [
              "projects/mini-cms/src/favicon.ico",
              "projects/mini-cms/src/assets"
            ],
            "styles": [
              "projects/shared/src/lib/themes/style.scss"
            ],
            "scripts": [
              "node_modules/jquery/dist/jquery.min.js",
              "./node_modules/popper.js/dist/umd/popper.min.js",
              "node_modules/bootstrap/dist/js/bootstrap.min.js"
            ]
          },
          "configurations": {
            "production": {
              "fileReplacements": [
                {
                  "replace": "projects/mini-cms/src/environments/environment.ts",
                  "with": "projects/mini-cms/src/environments/environment.prod.ts"
                }
              ],
              "optimization": true,
              "outputHashing": "all",
              "sourceMap": false,
              "namedChunks": false,
              "extractLicenses": true,
              "vendorChunk": false,
              "buildOptimizer": true,
              "budgets": [
                {
                  "type": "initial",
                  "maximumWarning": "2mb",
                  "maximumError": "5mb"
                },
                {
                  "type": "anyComponentStyle",
                  "maximumWarning": "6kb",
                  "maximumError": "10kb"
                }
              ]
            }
          }
        },
        "serve": {
          "builder": "@angular-devkit/build-angular:dev-server",
          "options": {
            "browserTarget": "mini-cms:build"
          },
          "configurations": {
            "production": {
              "browserTarget": "mini-cms:build:production"
            }
          }
        },
        "extract-i18n": {
          "builder": "@angular-devkit/build-angular:extract-i18n",
          "options": {
            "browserTarget": "mini-cms:build"
          }
        },
        "test": {
          "builder": "@angular-devkit/build-angular:karma",
          "options": {
            "main": "projects/mini-cms/src/test.ts",
            "polyfills": "projects/mini-cms/src/polyfills.ts",
            "tsConfig": "projects/mini-cms/tsconfig.spec.json",
            "karmaConfig": "projects/mini-cms/karma.conf.js",
            "assets": [
              "projects/mini-cms/src/favicon.ico",
              "projects/mini-cms/src/assets"
            ],
            "styles": [
              "projects/mini-cms/src/styles.sass"
            ],
            "scripts": []
          }
        },
        "test_staging": {
          "builder": "@angular-devkit/build-angular:karma",
          "options": {
            "main": "projects/mini-cms/src/test.ts",
            "polyfills": "projects/mini-cms/src/polyfills.ts",
            "tsConfig": "projects/mini-cms/tsconfig.spec.json",
            "karmaConfig": "projects/mini-cms/karma.conf.js",
            "assets": [
              "projects/mini-cms/src/favicon.ico",
              "projects/mini-cms/src/assets"
            ],
            "styles": [
              "projects/mini-cms/src/styles.sass"
            ],
            "scripts": []
          }
        },
        "lint": {
          "builder": "@angular-devkit/build-angular:tslint",
          "options": {
            "tsConfig": [
              "projects/mini-cms/tsconfig.app.json",
              "projects/mini-cms/tsconfig.spec.json",
              "projects/mini-cms/e2e/tsconfig.json"
            ],
            "exclude": [
              "**/node_modules/**"
            ]
          }
        },
        "e2e": {
          "builder": "@angular-devkit/build-angular:protractor",
          "options": {
            "protractorConfig": "projects/mini-cms/e2e/protractor.conf.js",
            "devServerTarget": "mini-cms:serve"
          },
          "configurations": {
            "production": {
              "devServerTarget": "mini-cms:serve:production"
            }
          }
        }
      }
    },
    "shared": {
      "projectType": "library",
      "root": "projects/shared",
      "sourceRoot": "projects/shared/src",
      "prefix": "lib",
      "architect": {
        "build": {
          "builder": "@angular-devkit/build-angular:ng-packagr",
          "options": {
            "tsConfig": "projects/shared/tsconfig.lib.json",
            "project": "projects/shared/ng-package.json"
          },
          "configurations": {
            "production": {
              "tsConfig": "projects/shared/tsconfig.lib.prod.json"
            }
          }
        },
        "test": {
          "builder": "@angular-devkit/build-angular:karma",
          "options": {
            "main": "projects/shared/src/test.ts",
            "tsConfig": "projects/shared/tsconfig.spec.json",
            "karmaConfig": "projects/shared/karma.conf.js"
          }
        },
        "lint": {
          "builder": "@angular-devkit/build-angular:tslint",
          "options": {
            "tsConfig": [
              "projects/shared/tsconfig.lib.json",
              "projects/shared/tsconfig.spec.json"
            ],
            "exclude": [
              "**/node_modules/**"
            ]
          }
        }
      }
    },
    "todo-list": {
      "projectType": "application",
      "schematics": {
        "@schematics/angular:component": {
          "inlineStyle": true,
          "style": "scss",
          "skipTests": true
        },
        "@schematics/angular:class": {
          "skipTests": true
        },
        "@schematics/angular:directive": {
          "skipTests": true
        },
        "@schematics/angular:guard": {
          "skipTests": true
        },
        "@schematics/angular:interceptor": {
          "skipTests": true
        },
        "@schematics/angular:module": {
          "skipTests": true
        },
        "@schematics/angular:pipe": {
          "skipTests": true
        },
        "@schematics/angular:service": {
          "skipTests": true
        }
      },
      "root": "projects/todo-list",
      "sourceRoot": "projects/todo-list/src",
      "prefix": "app",
      "architect": {
        "build": {
          "builder": "@angular-devkit/build-angular:browser",
          "options": {
            "outputPath": "dist/todo-list",
            "index": "projects/todo-list/src/index.html",
            "main": "projects/todo-list/src/main.ts",
            "polyfills": "projects/todo-list/src/polyfills.ts",
            "tsConfig": "projects/todo-list/tsconfig.app.json",
            "aot": true,
            "assets": [
              "projects/todo-list/src/favicon.ico",
              "projects/todo-list/src/assets"
            ],
            "styles": [
              "projects/todo-list/src/styles.scss",
              "projects/shared/src/lib/themes/style.scss"
            ],
            "scripts": [
              "node_modules/jquery/dist/jquery.min.js",
              "./node_modules/popper.js/dist/umd/popper.min.js",
              "node_modules/bootstrap/dist/js/bootstrap.min.js"
            ]
          },
          "configurations": {
            "production": {
              "fileReplacements": [
                {
                  "replace": "projects/todo-list/src/environments/environment.ts",
                  "with": "projects/todo-list/src/environments/environment.prod.ts"
                }
              ],
              "optimization": true,
              "outputHashing": "all",
              "sourceMap": false,
              "namedChunks": false,
              "extractLicenses": true,
              "vendorChunk": false,
              "buildOptimizer": true,
              "budgets": [
                {
                  "type": "initial",
                  "maximumWarning": "2mb",
                  "maximumError": "5mb"
                },
                {
                  "type": "anyComponentStyle",
                  "maximumWarning": "6kb",
                  "maximumError": "10kb"
                }
              ]
            }
          }
        },
        "serve": {
          "builder": "@angular-devkit/build-angular:dev-server",
          "options": {
            "browserTarget": "todo-list:build"
          },
          "configurations": {
            "production": {
              "browserTarget": "todo-list:build:production"
            }
          }
        },
        "extract-i18n": {
          "builder": "@angular-devkit/build-angular:extract-i18n",
          "options": {
            "browserTarget": "todo-list:build"
          }
        },
        "test": {
          "builder": "@angular-devkit/build-angular:karma",
          "options": {
            "main": "projects/todo-list/src/test.ts",
            "polyfills": "projects/todo-list/src/polyfills.ts",
            "tsConfig": "projects/todo-list/tsconfig.spec.json",
            "karmaConfig": "projects/todo-list/karma.conf.js",
            "assets": [
              "projects/todo-list/src/favicon.ico",
              "projects/todo-list/src/assets"
            ],
            "styles": [
              "projects/todo-list/src/styles.scss"
            ],
            "scripts": []
          }
        },
        "lint": {
          "builder": "@angular-devkit/build-angular:tslint",
          "options": {
            "tsConfig": [
              "projects/todo-list/tsconfig.app.json",
              "projects/todo-list/tsconfig.spec.json",
              "projects/todo-list/e2e/tsconfig.json"
            ],
            "exclude": [
              "**/node_modules/**"
            ]
          }
        },
        "e2e": {
          "builder": "@angular-devkit/build-angular:protractor",
          "options": {
            "protractorConfig": "projects/todo-list/e2e/protractor.conf.js",
            "devServerTarget": "todo-list:serve"
          },
          "configurations": {
            "production": {
              "devServerTarget": "todo-list:serve:production"
            }
          }
        }
      }
    },
    "mat-form-dense": {
      "projectType": "application",
      "schematics": {
        "@schematics/angular:component": {
          "inlineStyle": true,
          "style": "scss",
          "skipTests": true
        },
        "@schematics/angular:class": {
          "skipTests": true
        },
        "@schematics/angular:directive": {
          "skipTests": true
        },
        "@schematics/angular:guard": {
          "skipTests": true
        },
        "@schematics/angular:interceptor": {
          "skipTests": true
        },
        "@schematics/angular:module": {
          "skipTests": true
        },
        "@schematics/angular:pipe": {
          "skipTests": true
        },
        "@schematics/angular:service": {
          "skipTests": true
        }
      },
      "root": "projects/mat-form-dense",
      "sourceRoot": "projects/mat-form-dense/src",
      "prefix": "app",
      "architect": {
        "build": {
          "builder": "@angular-devkit/build-angular:browser",
          "options": {
            "outputPath": "dist/mat-form-dense",
            "index": "projects/mat-form-dense/src/index.html",
            "main": "projects/mat-form-dense/src/main.ts",
            "polyfills": "projects/mat-form-dense/src/polyfills.ts",
            "tsConfig": "projects/mat-form-dense/tsconfig.app.json",
            "aot": true,
            "assets": [
              "projects/mat-form-dense/src/favicon.ico",
              "projects/mat-form-dense/src/assets"
            ],
            "styles": [
              "projects/mat-form-dense/src/styles.scss",
              "projects/shared/src/lib/themes/style.scss"
            ],
            "scripts": [
              "node_modules/jquery/dist/jquery.min.js",
              "./node_modules/popper.js/dist/umd/popper.min.js",
              "node_modules/bootstrap/dist/js/bootstrap.min.js"
            ]
          },
          "configurations": {
            "production": {
              "fileReplacements": [
                {
                  "replace": "projects/mat-form-dense/src/environments/environment.ts",
                  "with": "projects/mat-form-dense/src/environments/environment.prod.ts"
                }
              ],
              "optimization": true,
              "outputHashing": "all",
              "sourceMap": false,
              "namedChunks": false,
              "extractLicenses": true,
              "vendorChunk": false,
              "buildOptimizer": true,
              "budgets": [
                {
                  "type": "initial",
                  "maximumWarning": "2mb",
                  "maximumError": "5mb"
                },
                {
                  "type": "anyComponentStyle",
                  "maximumWarning": "6kb",
                  "maximumError": "10kb"
                }
              ]
            }
          }
        },
        "serve": {
          "builder": "@angular-devkit/build-angular:dev-server",
          "options": {
            "browserTarget": "mat-form-dense:build"
          },
          "configurations": {
            "production": {
              "browserTarget": "mat-form-dense:build:production"
            }
          }
        },
        "extract-i18n": {
          "builder": "@angular-devkit/build-angular:extract-i18n",
          "options": {
            "browserTarget": "mat-form-dense:build"
          }
        },
        "test": {
          "builder": "@angular-devkit/build-angular:karma",
          "options": {
            "main": "projects/mat-form-dense/src/test.ts",
            "polyfills": "projects/mat-form-dense/src/polyfills.ts",
            "tsConfig": "projects/mat-form-dense/tsconfig.spec.json",
            "karmaConfig": "projects/mat-form-dense/karma.conf.js",
            "assets": [
              "projects/mat-form-dense/src/favicon.ico",
              "projects/mat-form-dense/src/assets"
            ],
            "styles": [
              "projects/mat-form-dense/src/styles.scss"
            ],
            "scripts": []
          }
        },
        "lint": {
          "builder": "@angular-devkit/build-angular:tslint",
          "options": {
            "tsConfig": [
              "projects/mat-form-dense/tsconfig.app.json",
              "projects/mat-form-dense/tsconfig.spec.json",
              "projects/mat-form-dense/e2e/tsconfig.json"
            ],
            "exclude": [
              "**/node_modules/**"
            ]
          }
        },
        "e2e": {
          "builder": "@angular-devkit/build-angular:protractor",
          "options": {
            "protractorConfig": "projects/mat-form-dense/e2e/protractor.conf.js",
            "devServerTarget": "mat-form-dense:serve"
          },
          "configurations": {
            "production": {
              "devServerTarget": "mat-form-dense:serve:production"
            }
          }
        }
      }
    },
    "jamodeling": {
      "projectType": "application",
      "schematics": {
        "@schematics/angular:component": {
          "inlineStyle": true,
          "style": "scss",
          "skipTests": true
        },
        "@schematics/angular:class": {
          "skipTests": true
        },
        "@schematics/angular:directive": {
          "skipTests": true
        },
        "@schematics/angular:guard": {
          "skipTests": true
        },
        "@schematics/angular:interceptor": {
          "skipTests": true
        },
        "@schematics/angular:module": {
          "skipTests": true
        },
        "@schematics/angular:pipe": {
          "skipTests": true
        },
        "@schematics/angular:service": {
          "skipTests": true
        }
      },
      "root": "projects/jamodeling",
      "sourceRoot": "projects/jamodeling/src",
      "prefix": "app",
      "architect": {
        "build": {
          "builder": "@angular-devkit/build-angular:browser",
          "options": {
            "outputPath": "dist/jamodeling",
            "index": "projects/jamodeling/src/index.html",
            "main": "projects/jamodeling/src/main.ts",
            "polyfills": "projects/jamodeling/src/polyfills.ts",
            "tsConfig": "projects/jamodeling/tsconfig.app.json",
            "aot": true,
            "assets": [
              "projects/jamodeling/src/favicon.ico",
              "projects/jamodeling/src/assets"
            ],
            "styles": [
              "projects/jamodeling/src/styles.scss",
              "projects/shared/src/lib/themes/style.scss"
            ],
            "scripts": [
              "node_modules/jquery/dist/jquery.min.js",
              "./node_modules/popper.js/dist/umd/popper.min.js",
              "node_modules/bootstrap/dist/js/bootstrap.min.js"
            ]
          },
          "configurations": {
            "production": {
              "fileReplacements": [
                {
                  "replace": "projects/jamodeling/src/environments/environment.ts",
                  "with": "projects/jamodeling/src/environments/environment.prod.ts"
                }
              ],
              "optimization": true,
              "outputHashing": "all",
              "sourceMap": false,
              "namedChunks": false,
              "extractLicenses": true,
              "vendorChunk": false,
              "buildOptimizer": true,
              "budgets": [
                {
                  "type": "initial",
                  "maximumWarning": "2mb",
                  "maximumError": "5mb"
                },
                {
                  "type": "anyComponentStyle",
                  "maximumWarning": "6kb",
                  "maximumError": "10kb"
                }
              ]
            }
          }
        },
        "serve": {
          "builder": "@angular-devkit/build-angular:dev-server",
          "options": {
            "browserTarget": "jamodeling:build"
          },
          "configurations": {
            "production": {
              "browserTarget": "jamodeling:build:production"
            }
          }
        },
        "extract-i18n": {
          "builder": "@angular-devkit/build-angular:extract-i18n",
          "options": {
            "browserTarget": "jamodeling:build"
          }
        },
        "test": {
          "builder": "@angular-devkit/build-angular:karma",
          "options": {
            "main": "projects/jamodeling/src/test.ts",
            "polyfills": "projects/jamodeling/src/polyfills.ts",
            "tsConfig": "projects/jamodeling/tsconfig.spec.json",
            "karmaConfig": "projects/jamodeling/karma.conf.js",
            "assets": [
              "projects/jamodeling/src/favicon.ico",
              "projects/jamodeling/src/assets"
            ],
            "styles": [
              "projects/jamodeling/src/styles.scss"
            ],
            "scripts": []
          }
        },
        "lint": {
          "builder": "@angular-devkit/build-angular:tslint",
          "options": {
            "tsConfig": [
              "projects/jamodeling/tsconfig.app.json",
              "projects/jamodeling/tsconfig.spec.json",
              "projects/jamodeling/e2e/tsconfig.json"
            ],
            "exclude": [
              "**/node_modules/**"
            ]
          }
        },
        "e2e": {
          "builder": "@angular-devkit/build-angular:protractor",
          "options": {
            "protractorConfig": "projects/jamodeling/e2e/protractor.conf.js",
            "devServerTarget": "jamodeling:serve"
          },
          "configurations": {
            "production": {
              "devServerTarget": "jamodeling:serve:production"
            }
          }
        }
      }
    },
    "catalleyaWeb": {
      "projectType": "application",
      "schematics": {
        "@schematics/angular:component": {
          "inlineStyle": true,
          "style": "scss",
          "skipTests": true
        },
        "@schematics/angular:class": {
          "skipTests": true
        },
        "@schematics/angular:directive": {
          "skipTests": true
        },
        "@schematics/angular:guard": {
          "skipTests": true
        },
        "@schematics/angular:interceptor": {
          "skipTests": true
        },
        "@schematics/angular:module": {
          "skipTests": true
        },
        "@schematics/angular:pipe": {
          "skipTests": true
        },
        "@schematics/angular:service": {
          "skipTests": true
        }
      },
      "root": "projects/catalleya-web",
      "sourceRoot": "projects/catalleya-web/src",
      "prefix": "app",
      "architect": {
        "build": {
          "builder": "@angular-devkit/build-angular:browser",
          "options": {
            "outputPath": "dist/catalleyaWeb",
            "index": "projects/catalleya-web/src/index.html",
            "main": "projects/catalleya-web/src/main.ts",
            "polyfills": "projects/catalleya-web/src/polyfills.ts",
            "tsConfig": "projects/catalleya-web/tsconfig.app.json",
            "aot": true,
            "assets": [
              "projects/catalleya-web/src/favicon.ico",
              "projects/catalleya-web/src/assets"
            ],
            "styles": [
              "projects/catalleya-web/src/styles.scss",
              "projects/shared/src/lib/themes/style.scss"
            ],
            "scripts": [
              "node_modules/jquery/dist/jquery.min.js",
              "./node_modules/popper.js/dist/umd/popper.min.js",
              "node_modules/bootstrap/dist/js/bootstrap.min.js"
            ]
          },
          "configurations": {
            "production": {
              "fileReplacements": [
                {
                  "replace": "projects/catalleya-web/src/environments/environment.ts",
                  "with": "projects/catalleya-web/src/environments/environment.prod.ts"
                }
              ],
              "optimization": true,
              "outputHashing": "all",
              "sourceMap": false,
              "namedChunks": false,
              "extractLicenses": true,
              "vendorChunk": false,
              "buildOptimizer": true,
              "budgets": [
                {
                  "type": "initial",
                  "maximumWarning": "2mb",
                  "maximumError": "5mb"
                },
                {
                  "type": "anyComponentStyle",
                  "maximumWarning": "6kb",
                  "maximumError": "10kb"
                }
              ]
            }
          }
        },
        "serve": {
          "builder": "@angular-devkit/build-angular:dev-server",
          "options": {
            "browserTarget": "catalleyaWeb:build"
          },
          "configurations": {
            "production": {
              "browserTarget": "catalleyaWeb:build:production"
            }
          }
        },
        "extract-i18n": {
          "builder": "@angular-devkit/build-angular:extract-i18n",
          "options": {
            "browserTarget": "catalleyaWeb:build"
          }
        },
        "test": {
          "builder": "@angular-devkit/build-angular:karma",
          "options": {
            "main": "projects/catalleya-web/src/test.ts",
            "polyfills": "projects/catalleya-web/src/polyfills.ts",
            "tsConfig": "projects/catalleya-web/tsconfig.spec.json",
            "karmaConfig": "projects/catalleya-web/karma.conf.js",
            "assets": [
              "projects/catalleya-web/src/favicon.ico",
              "projects/catalleya-web/src/assets"
            ],
            "styles": [
              "projects/catalleya-web/src/styles.scss"
            ],
            "scripts": []
          }
        },
        "lint": {
          "builder": "@angular-devkit/build-angular:tslint",
          "options": {
            "tsConfig": [
              "projects/catalleya-web/tsconfig.app.json",
              "projects/catalleya-web/tsconfig.spec.json",
              "projects/catalleya-web/e2e/tsconfig.json"
            ],
            "exclude": [
              "**/node_modules/**"
            ]
          }
        },
        "e2e": {
          "builder": "@angular-devkit/build-angular:protractor",
          "options": {
            "protractorConfig": "projects/catalleya-web/e2e/protractor.conf.js",
            "devServerTarget": "catalleyaWeb:serve"
          },
          "configurations": {
            "production": {
              "devServerTarget": "catalleyaWeb:serve:production"
            }
          }
        }
      }
    }
  },
  "defaultProject": "golden",
  "cli": {
    "analytics": false
  }
}